Archive member included because of file (symbol)

c:/program files/atmel/avr studio 5.0/avr toolchain/bin/../lib/gcc/avr/4.5.1/avr5\libgcc.a(_exit.o)
                              c:/program files/atmel/avr studio 5.0/avr toolchain/bin/../lib/gcc/avr/4.5.1/../../../../avr/lib/avr5/crtm16.o (exit)
c:/program files/atmel/avr studio 5.0/avr toolchain/bin/../lib/gcc/avr/4.5.1/avr5\libgcc.a(_copy_data.o)
                              generic.o (__do_copy_data)
c:/program files/atmel/avr studio 5.0/avr toolchain/bin/../lib/gcc/avr/4.5.1/avr5\libgcc.a(_clear_bss.o)
                              generic.o (__do_clear_bss)

Allocating common symbols
Common symbol       size              file

bufferLength        0x1               generic.o
ASC16               0x64              generic.o
buffer              0x100             generic.o
characBuffer        0x100             generic.o
Layer24             0x2               generic.o
Layer16             0x2               generic.o
STRINGDISPOFFSET    0x2               generic.o

Memory Configuration

Name             Origin             Length             Attributes
text             0x00000000         0x00020000         xr
data             0x00800060         0x0000ffa0         rw !x
eeprom           0x00810000         0x00010000         rw !x
fuse             0x00820000         0x00000400         rw !x
lock             0x00830000         0x00000400         rw !x
signature        0x00840000         0x00000400         rw !x
*default*        0x00000000         0xffffffff

Linker script and memory map

LOAD c:/program files/atmel/avr studio 5.0/avr toolchain/bin/../lib/gcc/avr/4.5.1/../../../../avr/lib/avr5/crtm16.o
LOAD AVRGCC1.o
LOAD BufferDataProc.o
LOAD ExtFlash.o
LOAD generic.o
LOAD I2C.o
LOAD SAADevice.o
LOAD SramSet.o
LOAD USART.o
LOAD c:/program files/atmel/avr studio 5.0/avr toolchain/bin/../lib/gcc/avr/4.5.1/avr5\libgcc.a
LOAD c:/program files/atmel/avr studio 5.0/avr toolchain/bin/../lib/gcc/avr/4.5.1/../../../../avr/lib/avr5\libc.a
LOAD c:/program files/atmel/avr studio 5.0/avr toolchain/bin/../lib/gcc/avr/4.5.1/avr5\libgcc.a

.hash
 *(.hash)

.dynsym
 *(.dynsym)

.dynstr
 *(.dynstr)

.gnu.version
 *(.gnu.version)

.gnu.version_d
 *(.gnu.version_d)

.gnu.version_r
 *(.gnu.version_r)

.rel.init
 *(.rel.init)

.rela.init
 *(.rela.init)

.rel.text
 *(.rel.text)
 *(.rel.text.*)
 *(.rel.gnu.linkonce.t*)

.rela.text
 *(.rela.text)
 *(.rela.text.*)
 *(.rela.gnu.linkonce.t*)

.rel.fini
 *(.rel.fini)

.rela.fini
 *(.rela.fini)

.rel.rodata
 *(.rel.rodata)
 *(.rel.rodata.*)
 *(.rel.gnu.linkonce.r*)

.rela.rodata
 *(.rela.rodata)
 *(.rela.rodata.*)
 *(.rela.gnu.linkonce.r*)

.rel.data
 *(.rel.data)
 *(.rel.data.*)
 *(.rel.gnu.linkonce.d*)

.rela.data
 *(.rela.data)
 *(.rela.data.*)
 *(.rela.gnu.linkonce.d*)

.rel.ctors
 *(.rel.ctors)

.rela.ctors
 *(.rela.ctors)

.rel.dtors
 *(.rel.dtors)

.rela.dtors
 *(.rela.dtors)

.rel.got
 *(.rel.got)

.rela.got
 *(.rela.got)

.rel.bss
 *(.rel.bss)

.rela.bss
 *(.rela.bss)

.rel.plt
 *(.rel.plt)

.rela.plt
 *(.rela.plt)

.text           0x00000000     0x3da6
 *(.vectors)
 .vectors       0x00000000       0x54 c:/program files/atmel/avr studio 5.0/avr toolchain/bin/../lib/gcc/avr/4.5.1/../../../../avr/lib/avr5/crtm16.o
                0x00000000                __vector_default
                0x00000000                __vectors
 *(.vectors)
 *(.progmem.gcc*)
 *(.progmem*)
                0x00000054                . = ALIGN (0x2)
                0x00000054                __trampolines_start = .
 *(.trampolines)
 .trampolines   0x00000054        0x0 linker stubs
 *(.trampolines*)
                0x00000054                __trampolines_end = .
 *(.jumptables)
 *(.jumptables*)
 *(.lowtext)
 *(.lowtext*)
                0x00000054                __ctors_start = .
 *(.ctors)
                0x00000054                __ctors_end = .
                0x00000054                __dtors_start = .
 *(.dtors)
                0x00000054                __dtors_end = .
 SORT(*)(.ctors)
 SORT(*)(.dtors)
 *(.init0)
 .init0         0x00000054        0x0 c:/program files/atmel/avr studio 5.0/avr toolchain/bin/../lib/gcc/avr/4.5.1/../../../../avr/lib/avr5/crtm16.o
                0x00000054                __init
 *(.init0)
 *(.init1)
 *(.init1)
 *(.init2)
 .init2         0x00000054        0xc c:/program files/atmel/avr studio 5.0/avr toolchain/bin/../lib/gcc/avr/4.5.1/../../../../avr/lib/avr5/crtm16.o
 *(.init2)
 *(.init3)
 *(.init3)
 *(.init4)
 .init4         0x00000060       0x16 c:/program files/atmel/avr studio 5.0/avr toolchain/bin/../lib/gcc/avr/4.5.1/avr5\libgcc.a(_copy_data.o)
                0x00000060                __do_copy_data
 .init4         0x00000076       0x10 c:/program files/atmel/avr studio 5.0/avr toolchain/bin/../lib/gcc/avr/4.5.1/avr5\libgcc.a(_clear_bss.o)
                0x00000076                __do_clear_bss
 *(.init4)
 *(.init5)
 *(.init5)
 *(.init6)
 *(.init6)
 *(.init7)
 *(.init7)
 *(.init8)
 *(.init8)
 *(.init9)
 .init9         0x00000086        0x8 c:/program files/atmel/avr studio 5.0/avr toolchain/bin/../lib/gcc/avr/4.5.1/../../../../avr/lib/avr5/crtm16.o
 *(.init9)
 *(.text)
 .text          0x0000008e        0x4 c:/program files/atmel/avr studio 5.0/avr toolchain/bin/../lib/gcc/avr/4.5.1/../../../../avr/lib/avr5/crtm16.o
                0x0000008e                __vector_1
                0x0000008e                __vector_12
                0x0000008e                __bad_interrupt
                0x0000008e                __vector_6
                0x0000008e                __vector_3
                0x0000008e                __vector_11
                0x0000008e                __vector_13
                0x0000008e                __vector_17
                0x0000008e                __vector_19
                0x0000008e                __vector_7
                0x0000008e                __vector_5
                0x0000008e                __vector_4
                0x0000008e                __vector_9
                0x0000008e                __vector_2
                0x0000008e                __vector_15
                0x0000008e                __vector_8
                0x0000008e                __vector_14
                0x0000008e                __vector_10
                0x0000008e                __vector_16
                0x0000008e                __vector_18
                0x0000008e                __vector_20
 .text          0x00000092       0x6e AVRGCC1.o
                0x00000092                main
 .text          0x00000100        0x0 BufferDataProc.o
 .text          0x00000100      0x5fa ExtFlash.o
                0x00000100                PORTC_init
                0x00000124                PORTA_init
                0x00000132                ExtFlashCommandSet
                0x000001ea                ExtFlashAddressSet
                0x000002a2                ExtFlashDataSet
                0x00000348                ExtFlashDataRead
                0x000003fc                ExtFlashReset
                0x00000410                ExtFlashStatusRead
                0x00000442                ExtFlashCheckID
                0x000004b0                ExtFlashPageDataRead
                0x0000055a                ExtFlashPageProgram
                0x00000628                ExtFlashBlockErase
                0x000006b8                ExtFlashWholeErase
 .text          0x000006fa        0x0 generic.o
 .text          0x000006fa      0x5fe I2C.o
                0x000006fa                I2C_init
                0x0000072c                I2C_Send_M_Start
                0x000007be                I2C_Send_M_ReStart
                0x000007d0                I2C_Send_M_Stop
                0x0000088e                I2C_Send_M_Addr
                0x00000a10                I2C_Send_M_Data
                0x00000b92                I2C_Send_M_Read
                0x00000c8c                DELAYUS
                0x00000cc6                ERROR
 .text          0x00000cf8      0x3ac SAADevice.o
                0x00000cf8                SAA_W
                0x00000d30                SAA_R
                0x00000d74                SAA7113_init
                0x00000eca                SAA7121_init
 .text          0x000010a4     0x2b9c SramSet.o
                0x000010a4                SramAddrSet
                0x0000121e                SramInit
                0x000013fa                SramClear
                0x00001566                SramScrollInit
                0x00001736                SramScrollClear
                0x000018a0                SramHZ16Set
                0x00001cc6                SramHZ24Set
                0x000020ee                SramHZ16SetWithoutBorder
                0x00002472                SramHZ24SetWithoutBorder
                0x000027f8                sramASC16Set
                0x00002bc6                sramASC16SetWithoutBorder
                0x00002ef2                sramASC24Set
                0x000032fa                sramASC24SetWithoutBorder
                0x00003660                SramSpace16Set
                0x000037aa                SramSpace24Set
                0x000038f4                SramSpace16SetWithoutBorder
                0x00003a9a                SramSpace24SetWithoutBorder
 .text          0x00003c40      0x162 USART.o
                0x00003c40                USART_init
                0x00003c7a                USART_Transmit
                0x00003cae                USART_Receive
                0x00003cd2                USART_StringPut
                0x00003d2e                USART_StringGet
 .text          0x00003da2        0x0 c:/program files/atmel/avr studio 5.0/avr toolchain/bin/../lib/gcc/avr/4.5.1/avr5\libgcc.a(_exit.o)
 .text          0x00003da2        0x0 c:/program files/atmel/avr studio 5.0/avr toolchain/bin/../lib/gcc/avr/4.5.1/avr5\libgcc.a(_copy_data.o)
 .text          0x00003da2        0x0 c:/program files/atmel/avr studio 5.0/avr toolchain/bin/../lib/gcc/avr/4.5.1/avr5\libgcc.a(_clear_bss.o)
                0x00003da2                . = ALIGN (0x2)
 *(.text.*)
 .text.libgcc   0x00003da2        0x0 c:/program files/atmel/avr studio 5.0/avr toolchain/bin/../lib/gcc/avr/4.5.1/avr5\libgcc.a(_exit.o)
 .text.libgcc   0x00003da2        0x0 c:/program files/atmel/avr studio 5.0/avr toolchain/bin/../lib/gcc/avr/4.5.1/avr5\libgcc.a(_copy_data.o)
 .text.libgcc   0x00003da2        0x0 c:/program files/atmel/avr studio 5.0/avr toolchain/bin/../lib/gcc/avr/4.5.1/avr5\libgcc.a(_clear_bss.o)
                0x00003da2                . = ALIGN (0x2)
 *(.fini9)
 .fini9         0x00003da2        0x0 c:/program files/atmel/avr studio 5.0/avr toolchain/bin/../lib/gcc/avr/4.5.1/avr5\libgcc.a(_exit.o)
                0x00003da2                _exit
                0x00003da2                exit
 *(.fini9)
 *(.fini8)
 *(.fini8)
 *(.fini7)
 *(.fini7)
 *(.fini6)
 *(.fini6)
 *(.fini5)
 *(.fini5)
 *(.fini4)
 *(.fini4)
 *(.fini3)
 *(.fini3)
 *(.fini2)
 *(.fini2)
 *(.fini1)
 *(.fini1)
 *(.fini0)
 .fini0         0x00003da2        0x4 c:/program files/atmel/avr studio 5.0/avr toolchain/bin/../lib/gcc/avr/4.5.1/avr5\libgcc.a(_exit.o)
 *(.fini0)
                0x00003da6                _etext = .

.data           0x00800060       0x2c load address 0x00003da6
                0x00800060                PROVIDE (__data_start, .)
 *(.data)
 .data          0x00800060        0x0 c:/program files/atmel/avr studio 5.0/avr toolchain/bin/../lib/gcc/avr/4.5.1/../../../../avr/lib/avr5/crtm16.o
 .data          0x00800060        0x0 AVRGCC1.o
 .data          0x00800060        0x0 BufferDataProc.o
 .data          0x00800060        0x0 ExtFlash.o
 .data          0x00800060       0x2c generic.o
                0x00800060                colorTable
 .data          0x0080008c        0x0 I2C.o
 .data          0x0080008c        0x0 SAADevice.o
 .data          0x0080008c        0x0 SramSet.o
 .data          0x0080008c        0x0 USART.o
 .data          0x0080008c        0x0 c:/program files/atmel/avr studio 5.0/avr toolchain/bin/../lib/gcc/avr/4.5.1/avr5\libgcc.a(_exit.o)
 .data          0x0080008c        0x0 c:/program files/atmel/avr studio 5.0/avr toolchain/bin/../lib/gcc/avr/4.5.1/avr5\libgcc.a(_copy_data.o)
 .data          0x0080008c        0x0 c:/program files/atmel/avr studio 5.0/avr toolchain/bin/../lib/gcc/avr/4.5.1/avr5\libgcc.a(_clear_bss.o)
 *(.data*)
 *(.rodata)
 *(.rodata*)
 *(.gnu.linkonce.d*)
                0x0080008c                . = ALIGN (0x2)
                0x0080008c                _edata = .
                0x0080008c                PROVIDE (__data_end, .)

.bss            0x0080008c      0x26b
                0x0080008c                PROVIDE (__bss_start, .)
 *(.bss)
 .bss           0x0080008c        0x0 c:/program files/atmel/avr studio 5.0/avr toolchain/bin/../lib/gcc/avr/4.5.1/../../../../avr/lib/avr5/crtm16.o
 .bss           0x0080008c        0x0 AVRGCC1.o
 .bss           0x0080008c        0x0 BufferDataProc.o
 .bss           0x0080008c        0x0 ExtFlash.o
 .bss           0x0080008c        0x0 generic.o
 .bss           0x0080008c        0x0 I2C.o
 .bss           0x0080008c        0x0 SAADevice.o
 .bss           0x0080008c        0x0 SramSet.o
 .bss           0x0080008c        0x0 USART.o
 .bss           0x0080008c        0x0 c:/program files/atmel/avr studio 5.0/avr toolchain/bin/../lib/gcc/avr/4.5.1/avr5\libgcc.a(_exit.o)
 .bss           0x0080008c        0x0 c:/program files/atmel/avr studio 5.0/avr toolchain/bin/../lib/gcc/avr/4.5.1/avr5\libgcc.a(_copy_data.o)
 .bss           0x0080008c        0x0 c:/program files/atmel/avr studio 5.0/avr toolchain/bin/../lib/gcc/avr/4.5.1/avr5\libgcc.a(_clear_bss.o)
 *(.bss*)
 *(COMMON)
 COMMON         0x0080008c      0x26b generic.o
                0x0080008c                bufferLength
                0x0080008d                ASC16
                0x008000f1                buffer
                0x008001f1                characBuffer
                0x008002f1                Layer24
                0x008002f3                Layer16
                0x008002f5                STRINGDISPOFFSET
                0x008002f7                PROVIDE (__bss_end, .)
                0x00003da6                __data_load_start = LOADADDR (.data)
                0x00003dd2                __data_load_end = (__data_load_start + SIZEOF (.data))

.noinit         0x008002f7        0x0
                0x008002f7                PROVIDE (__noinit_start, .)
 *(.noinit*)
                0x008002f7                PROVIDE (__noinit_end, .)
                0x008002f7                _end = .
                0x008002f7                PROVIDE (__heap_start, .)

.eeprom         0x00810000        0x0
 *(.eeprom*)
                0x00810000                __eeprom_end = .

.fuse
 *(.fuse)
 *(.lfuse)
 *(.hfuse)
 *(.efuse)

.lock
 *(.lock*)

.signature
 *(.signature*)

.stab           0x00000000      0x6cc
 *(.stab)
 .stab          0x00000000      0x6cc c:/program files/atmel/avr studio 5.0/avr toolchain/bin/../lib/gcc/avr/4.5.1/../../../../avr/lib/avr5/crtm16.o

.stabstr        0x00000000       0x85
 *(.stabstr)
 .stabstr       0x00000000       0x85 c:/program files/atmel/avr studio 5.0/avr toolchain/bin/../lib/gcc/avr/4.5.1/../../../../avr/lib/avr5/crtm16.o

.stab.excl
 *(.stab.excl)

.stab.exclstr
 *(.stab.exclstr)

.stab.index
 *(.stab.index)

.stab.indexstr
 *(.stab.indexstr)

.comment
 *(.comment)

.debug
 *(.debug)

.line
 *(.line)

.debug_srcinfo
 *(.debug_srcinfo)

.debug_sfnames
 *(.debug_sfnames)

.debug_aranges  0x00000000       0xc0
 *(.debug_aranges)
 .debug_aranges
                0x00000000       0x20 AVRGCC1.o
 .debug_aranges
                0x00000020       0x20 ExtFlash.o
 .debug_aranges
                0x00000040       0x20 I2C.o
 .debug_aranges
                0x00000060       0x20 SAADevice.o
 .debug_aranges
                0x00000080       0x20 SramSet.o
 .debug_aranges
                0x000000a0       0x20 USART.o

.debug_pubnames
                0x00000000      0x4ac
 *(.debug_pubnames)
 .debug_pubnames
                0x00000000       0x1b AVRGCC1.o
 .debug_pubnames
                0x0000001b      0x123 ExtFlash.o
 .debug_pubnames
                0x0000013e       0x85 generic.o
 .debug_pubnames
                0x000001c3       0xb1 I2C.o
 .debug_pubnames
                0x00000274       0x48 SAADevice.o
 .debug_pubnames
                0x000002bc      0x182 SramSet.o
 .debug_pubnames
                0x0000043e       0x6e USART.o

.debug_info     0x00000000     0x1912
 *(.debug_info)
 .debug_info    0x00000000       0xa5 AVRGCC1.o
 .debug_info    0x000000a5        0x0 BufferDataProc.o
 .debug_info    0x000000a5      0x313 ExtFlash.o
 .debug_info    0x000003b8       0xf9 generic.o
 .debug_info    0x000004b1      0x19f I2C.o
 .debug_info    0x00000650      0x105 SAADevice.o
 .debug_info    0x00000755     0x1061 SramSet.o
 .debug_info    0x000017b6      0x15c USART.o
 *(.gnu.linkonce.wi.*)

.debug_abbrev   0x00000000      0x4da
 *(.debug_abbrev)
 .debug_abbrev  0x00000000       0x77 AVRGCC1.o
 .debug_abbrev  0x00000077        0x1 BufferDataProc.o
 .debug_abbrev  0x00000078       0xea ExtFlash.o
 .debug_abbrev  0x00000162       0x49 generic.o
 .debug_abbrev  0x000001ab       0xa9 I2C.o
 .debug_abbrev  0x00000254       0xa5 SAADevice.o
 .debug_abbrev  0x000002f9      0x120 SramSet.o
 .debug_abbrev  0x00000419       0xc1 USART.o

.debug_line     0x00000000     0x259d
 *(.debug_line)
 .debug_line    0x00000000      0x121 AVRGCC1.o
 .debug_line    0x00000121       0x24 BufferDataProc.o
 .debug_line    0x00000145      0x4fa ExtFlash.o
 .debug_line    0x0000063f       0x50 generic.o
 .debug_line    0x0000068f      0x345 I2C.o
 .debug_line    0x000009d4      0x36a SAADevice.o
 .debug_line    0x00000d3e     0x167e SramSet.o
 .debug_line    0x000023bc      0x1e1 USART.o

.debug_frame    0x00000000      0x370
 *(.debug_frame)
 .debug_frame   0x00000000       0x20 AVRGCC1.o
 .debug_frame   0x00000020       0xe0 ExtFlash.o
 .debug_frame   0x00000100       0xa0 I2C.o
 .debug_frame   0x000001a0       0x50 SAADevice.o
 .debug_frame   0x000001f0      0x120 SramSet.o
 .debug_frame   0x00000310       0x60 USART.o

.debug_str      0x00000000      0x517
 *(.debug_str)
 .debug_str     0x00000000       0xab AVRGCC1.o
                                 0xdf (size before relaxing)
 .debug_str     0x000000ab      0x110 ExtFlash.o
                                0x1d2 (size before relaxing)
 .debug_str     0x000001bb       0x5b generic.o
                                 0xc6 (size before relaxing)
 .debug_str     0x00000216       0x8e I2C.o
                                0x150 (size before relaxing)
 .debug_str     0x000002a4       0x3f SAADevice.o
                                 0xa0 (size before relaxing)
 .debug_str     0x000002e3      0x1ca SramSet.o
                                0x2d3 (size before relaxing)
 .debug_str     0x000004ad       0x6a USART.o
                                0x12e (size before relaxing)

.debug_loc
 *(.debug_loc)

.debug_macinfo
 *(.debug_macinfo)
OUTPUT(AVRGCC1.elf elf32-avr)
LOAD linker stubs

.debug_pubtypes
                0x00000000       0x96
 .debug_pubtypes
                0x00000000       0x1e AVRGCC1.o
 .debug_pubtypes
                0x0000001e       0x1e ExtFlash.o
 .debug_pubtypes
                0x0000003c       0x1e I2C.o
 .debug_pubtypes
                0x0000005a       0x1e SramSet.o
 .debug_pubtypes
                0x00000078       0x1e USART.o
